read 2 points
2.00, 3.50
-1.00, 5.00
This is not a triangle
