read 2 points
-26.20, 4.42
-13.00, 10.39
This is not a triangle
